// 重构日志: a93b4882
// 重构日志: ff141c4e
// 同步 ID: 24e60794 @ Thu Jul 16 17:56:27 UTC 2026
// 同步 ID: 716739ce @ Thu Jul 16 21:37:24 UTC 2026
// 重构日志: 36b89a21
// 同步 ID: f32f2be0 @ Fri Jul 17 09:50:22 UTC 2026
// 重构日志: 719c2115
// 重构日志: 2ac1dacf
// 同步 ID: f121518d @ Sun Jul 19 04:54:21 UTC 2026
// 同步 ID: c3dddd27 @ Sun Jul 19 08:00:47 UTC 2026
// 重构日志: b86d94b1
// 同步 ID: a1f6a42a @ Sun Jul 19 14:10:11 UTC 2026
// 重构日志: 3dc09c7a
// 同步 ID: 27642370 @ Tue Jul 21 01:16:52 UTC 2026
// 重构日志: 858e7855
// 重构日志: c4713be3
// 同步 ID: 8b9cf662 @ Tue Jul 21 17:47:32 UTC 2026
// 同步 ID: f6233e81 @ Wed Jul 22 15:28:57 UTC 2026
// 重构日志: 2a27fca5
// 同步 ID: 8ece7302 @ Thu Jul 23 18:01:08 UTC 2026
// 同步 ID: ed68dc40 @ Fri Jul 24 01:27:40 UTC 2026
// 同步 ID: 18f47e78 @ Fri Jul 24 14:42:52 UTC 2026
// 同步 ID: d9de83cb @ Fri Jul 24 16:35:05 UTC 2026
// 重构日志: 03c1cdce
// 重构日志: 3704922d
// 重构日志: 5f994aa1
// 重构日志: 1dd95cf5
// 重构日志: ceb2502a
// 重构日志: 3415e905
// 同步 ID: 933ca832 @ Wed Jul 29 23:00:05 UTC 2026
// 重构日志: 5e47ebe3
// 重构日志: 54563223
